I'm sorry, but errors were detected in your script. Please correct the
errors listed below, and try again.


File "game/script.rpy", line 7: Indentation mismatch.

Ren'Py Version: Ren'Py 8.2.0.24012702
Fri Feb  2 22:45:32 2024
